mygofer.1771.txt
mygofer.1515.txt
mygofer.1903.txt
mygofer.1503.txt
mygofer.770.txt
mygofer.1636.txt
mygofer.487.txt
mygofer.76.txt
mygofer.89.txt
mygofer.1348.txt
mygofer.1825.txt
mygofer.348.txt
mygofer.1000.txt
mygofer.1454.txt
mygofer.1969.txt
mygofer.1256.txt
mygofer.1873.txt
mygofer.1907.txt
mygofer.1897.txt
mygofer.489.txt
mygofer.1893.txt
mygofer.757.txt
mygofer.1658.txt
mygofer.945.txt
mygofer.1415.txt
mygofer.726.txt
mygofer.319.txt
mygofer.219.txt
mygofer.737.txt
mygofer.195.txt
mygofer.738.txt
mygofer.540.txt
mygofer.499.txt
mygofer.147.txt
mygofer.1299.txt
mygofer.231.txt
mygofer.1525.txt
mygofer.1294.txt
mygofer.1026.txt
mygofer.1087.txt
mygofer.150.txt
mygofer.534.txt
mygofer.1967.txt
mygofer.984.txt
mygofer.1258.txt
mygofer.1306.txt
mygofer.1316.txt
mygofer.1720.txt
Myfile.9.txt
mygofer.1878.txt
mygofer.1379.txt
mygofer.1875.txt
mygofer.2.txt
mygofer.228.txt
mygofer.920.txt
mygofer.1872.txt
mygofer.1792.txt
mygofer.584.txt
mygofer.1817.txt
mygofer.61.txt
mygofer.110.txt
mygofer.62.txt
mygofer.1700.txt
mygofer.1121.txt
mygofer.1486.txt
mygofer.365.txt
mygofer.1704.txt
mygofer.236.txt
mygofer.306.txt
mygofer.898.txt
mygofer.957.txt
mygofer.1787.txt
mygofer.1088.txt
mygofer.1212.txt
mygofer.536.txt
mygofer.750.txt
mygofer.1592.txt
mygofer.1492.txt
mygofer.1569.txt
mygofer.1331.txt
mygofer.1753.txt
mygofer.88.txt
mygofer.1170.txt
mygofer.1767.txt
mygofer.230.txt
mygofer.828.txt
mygofer.1397.txt
mygofer.1381.txt
mygofer.1993.txt
mygofer.403.txt
mygofer.1175.txt
mygofer.870.txt
mygofer.940.txt
mygofer.385.txt
mygofer.537.txt
mygofer.854.txt
mygofer.447.txt
mygofer.440.txt
mygofer.1713.txt
mygofer.902.txt
mygofer.935.txt
mygofer.11.txt
mygofer.1061.txt
mygofer.1523.txt
mygofer.372.txt
mygofer.1669.txt
mygofer.1955.txt
mygofer.1134.txt
mygofer.483.txt
mygofer.538.txt
mygofer.157.txt
mygofer.1231.txt
mygofer.1370.txt
mygofer.998.txt
mygofer.857.txt
mygofer.610.txt
mygofer.1473.txt
mygofer.105.txt
mygofer.1650.txt
mygofer.1595.txt
mygofer.1150.txt
mygofer.832.txt
mygofer.1702.txt
mygofer.490.txt
mygofer.974.txt
mygofer.1580.txt
mygofer.452.txt
mygofer.1206.txt
mygofer.1457.txt
mygofer.1937.txt
mygofer.1685.txt
mygofer.438.txt
mygofer.1452.txt
mygofer.235.txt
mygofer.1185.txt
mygofer.431.txt
mygofer.959.txt
mygofer.804.txt
mygofer.1140.txt
mygofer.805.txt
mygofer.1775.txt
mygofer.806.txt
mygofer.206.txt
mygofer.744.txt
mygofer.533.txt
mygofer.905.txt
mygofer.177.txt
mygofer.287.txt
mygofer.798.txt
mygofer.512.txt
mygofer.1337.txt
mygofer.1464.txt
mygofer.1652.txt
mygofer.1619.txt
mygofer.1388.txt
mygofer.1936.txt
mygofer.494.txt
mygofer.563.txt
mygofer.553.txt
mygofer.346.txt
mygofer.454.txt
mygofer.1065.txt
mygofer.1188.txt
mygofer.922.txt
mygofer.264.txt
mygofer.829.txt
mygofer.508.txt
mygofer.1272.txt
mygofer.175.txt
mygofer.1672.txt
mygofer.928.txt
mygofer.45.txt
mygofer.1050.txt
mygofer.333.txt
mygofer.1192.txt
mygofer.1372.txt
mygofer.79.txt
mygofer.785.txt
mygofer.1376.txt
mygofer.1264.txt
mygofer.174.txt
mygofer.606.txt
mygofer.1458.txt
mygofer.1916.txt
mygofer.109.txt
mygofer.1455.txt
mygofer.1561.txt
mygofer.1360.txt
mygofer.375.txt
mygofer.1182.txt
mygofer.1233.txt
mygofer.818.txt
mygofer.699.txt
mygofer.1708.txt
mygofer.1260.txt
mygofer.921.txt
mygofer.467.txt
mygofer.1237.txt
mygofer.684.txt
mygofer.831.txt
mygofer.1193.txt
mygofer.1554.txt
mygofer.1303.txt
mygofer.412.txt
mygofer.803.txt
mygofer.1187.txt
mygofer.1823.txt
mygofer.117.txt
mygofer.1488.txt
mygofer.1799.txt
mygofer.707.txt
mygofer.1506.txt
mygofer.1156.txt
mygofer.317.txt
mygofer.514.txt
mygofer.1938.txt
mygofer.1387.txt
mygofer.766.txt
mygofer.837.txt
mygofer.1309.txt
mygofer.1862.txt
mygofer.1493.txt
mygofer.1145.txt
mygofer.1453.txt
mygofer.739.txt
mygofer.1115.txt
mygofer.915.txt
mygofer.1269.txt
mygofer.137.txt
mygofer.747.txt
mygofer.608.txt
mygofer.1613.txt
mygofer.1894.txt
mygofer.1365.txt
mygofer.988.txt
mygofer.208.txt
mygofer.1830.txt
mygofer.944.txt
mygofer.661.txt
mygofer.1373.txt
mygofer.1047.txt
mygofer.1048.txt
mygofer.758.txt
mygofer.475.txt
mygofer.146.txt
mygofer.1202.txt
mygofer.1420.txt
mygofer.2000.txt
mygofer.1745.txt
mygofer.492.txt
mygofer.349.txt
mygofer.127.txt
mygofer.1010.txt
mygofer.1137.txt
mygofer.95.txt
mygofer.220.txt
mygofer.850.txt
mygofer.339.txt
mygofer.1040.txt
mygofer.1472.txt
mygofer.1640.txt
mygofer.1027.txt
mygofer.1305.txt
mygofer.1588.txt
mygofer.321.txt
mygofer.1766.txt
mygofer.1622.txt
mygofer.1236.txt
mygofer.692.txt
mygofer.1252.txt
mygofer.387.txt
mygofer.1692.txt
mygofer.1562.txt
mygofer.585.txt
mygofer.373.txt
mygofer.1292.txt
mygofer.813.txt
mygofer.253.txt
mygofer.1474.txt
mygofer.1701.txt
mygofer.189.txt
mygofer.149.txt
mygofer.439.txt
mygofer.153.txt
mygofer.1326.txt
mygofer.1395.txt
mygofer.559.txt
mygofer.1032.txt
mygofer.1377.txt
mygofer.1943.txt
mygofer.254.txt
mygofer.1754.txt
mygofer.1198.txt
mygofer.35.txt
mygofer.1075.txt
mygofer.482.txt
mygofer.429.txt
mygofer.158.txt
mygofer.283.txt
mygofer.1023.txt
mygofer.776.txt
mygofer.354.txt
mygofer.543.txt
mygofer.258.txt
mygofer.327.txt
mygofer.1624.txt
mygofer.1688.txt
mygofer.871.txt
mygofer.1896.txt
mygofer.248.txt
mygofer.1265.txt
mygofer.302.txt
mygofer.128.txt
mygofer.786.txt
mygofer.1536.txt
mygofer.1794.txt
mygofer.1358.txt
mygofer.539.txt
mygofer.982.txt
mygofer.1424.txt
mygofer.214.txt
mygofer.868.txt
mygofer.1995.txt
mygofer.604.txt
mygofer.827.txt
mygofer.68.txt
mygofer.1915.txt
mygofer.1519.txt
mygofer.474.txt
gabby.txt
mygofer.1079.txt
mygofer.1302.txt
mygofer.1785.txt
mygofer.1812.txt
mygofer.337.txt
mygofer.1603.txt
mygofer.1230.txt
mygofer.1660.txt
mygofer.1307.txt
mygofer.1726.txt
mygofer.1144.txt
mygofer.1368.txt
mygofer.1290.txt
mygofer.360.txt
mygofer.660.txt
mygofer.1149.txt
mygofer.878.txt
mygofer.1663.txt
mygofer.1691.txt
mygofer.1892.txt
mygofer.1858.txt
mygofer.558.txt
mygofer.73.txt
mygofer.1707.txt
mygofer.1820.txt
mygofer.1002.txt
mygofer.715.txt
mygofer.683.txt
mygofer.1656.txt
mygofer.1809.txt
mygofer.1898.txt
mygofer.1174.txt
mygofer.1155.txt
mygofer.1118.txt
mygofer.1106.txt
mygofer.817.txt
mygofer.947.txt
mygofer.1280.txt
mygofer.753.txt
mygofer.1736.txt
mygofer.352.txt
mygofer.800.txt
mygofer.886.txt
mygofer.510.txt
mygofer.257.txt
mygofer.567.txt
mygofer.517.txt
mygofer.568.txt
mygofer.1549.txt
mygofer.1643.txt
mygofer.1284.txt
mygofer.1598.txt
mygofer.1378.txt
mygofer.486.txt
mygofer.635.txt
mygofer.1191.txt
mygofer.1247.txt
mygofer.1311.txt
mygofer.411.txt
mygofer.1810.txt
mygofer.960.txt
mygofer.1408.txt
mygofer.855.txt
mygofer.187.txt
mygofer.64.txt
mygofer.1590.txt
mygofer.390.txt
mygofer.1341.txt
mygofer.136.txt
mygofer.1870.txt
mygofer.741.txt
mygofer.825.txt
mygofer.1555.txt
mygofer.859.txt
mygofer.118.txt
mygofer.144.txt
mygofer.1747.txt
mygofer.1798.txt
mygofer.1201.txt
mygofer.884.txt
mygofer.151.txt
mygofer.1876.txt
mygofer.622.txt
mygofer.1451.txt
mygofer.47.txt
mygofer.1865.txt
mygofer.1772.txt
mygofer.1675.txt
mygofer.872.txt
mygofer.771.txt
mygofer.190.txt
mygofer.672.txt
mygofer.644.txt
mygofer.1694.txt
mygofer.740.txt
mygofer.1197.txt
mygofer.1334.txt
mygofer.1984.txt
mygofer.1703.txt
mygofer.732.txt
mygofer.1617.txt
mygofer.1291.txt
mygofer.1874.txt
mygofer.1567.txt
mygofer.1741.txt
mygofer.1727.txt
mygofer.1353.txt
mygofer.312.txt
mygofer.1195.txt
mygofer.1599.txt
mygofer.682.txt
mygofer.20.txt
mygofer.324.txt
mygofer.1748.txt
mygofer.1.txt
mygofer.1976.txt
mygofer.632.txt
mygofer.245.txt
mygofer.911.txt
mygofer.459.txt
mygofer.1446.txt
mygofer.107.txt
mygofer.1762.txt
mygofer.1583.txt
mygofer.1570.txt
mygofer.1887.txt
mygofer.1025.txt
mygofer.98.txt
mygofer.111.txt
mygofer.1911.txt
mygofer.156.txt
mygofer.640.txt
mygofer.1806.txt
mygofer.370.txt
mygofer.934.txt
mygofer.723.txt
mygofer.1528.txt
mygofer.40.txt
mygofer.1102.txt
mygofer.1362.txt
mygofer.1992.txt
mygofer.802.txt
mygofer.777.txt
mygofer.281.txt
mygofer.1690.txt
mygofer.1821.txt
mygofer.936.txt
mygofer.1220.txt
mygofer.696.txt
mygofer.1882.txt
mygofer.1997.txt
mygofer.1653.txt
mygofer.743.txt
mygofer.460.txt
mygofer.33.txt
mygofer.877.txt
mygofer.1529.txt
mygofer.900.txt
mygofer.1919.txt
mygofer.123.txt
mygofer.1834.txt
mygofer.269.txt
mygofer.1240.txt
mygofer.899.txt
mygofer.1178.txt
mygofer.335.txt
mygofer.1890.txt
mygofer.1180.txt
mygofer.1429.txt
mygofer.91.txt
mygofer.1784.txt
mygofer.380.txt
mygofer.1540.txt
mygofer.1845.txt
mygofer.274.txt
mygofer.1977.txt
mygofer.1227.txt
mygofer.103.txt
mygofer.1282.txt
mygofer.46.txt
mygofer.1242.txt
mygofer.1546.txt
mygofer.1283.txt
mygofer.1465.txt
mygofer.1954.txt
mygofer.1166.txt
mygofer.729.txt
mygofer.1731.txt
mygofer.1413.txt
mygofer.966.txt
mygofer.1552.txt
mygofer.628.txt
mygofer.1028.txt
mygofer.1071.txt
mygofer.1777.txt
mygofer.1164.txt
mygofer.701.txt
mygofer.1208.txt
mygofer.165.txt
z_A.txt
mygofer.1544.txt
mygofer.362.txt
mygofer.1406.txt
mygofer.1904.txt
mygofer.1022.txt
mygofer.1349.txt
mygofer.186.txt
mygofer.178.txt
mygofer.596.txt
mygofer.130.txt
mygofer.1744.txt
mygofer.874.txt
mygofer.41.txt
mygofer.956.txt
mygofer.926.txt
mygofer.1511.txt
mygofer.1757.txt
mygofer.97.txt
mygofer.1576.txt
mygofer.1680.txt
mygofer.1773.txt
mygofer.1530.txt
mygofer.295.txt
mygofer.162.txt
mygofer.272.txt
mygofer.955.txt
mygofer.1053.txt
mygofer.1811.txt
mygofer.311.txt
mygofer.1709.txt
mygofer.1171.txt
mygofer.1740.txt
mygofer.843.txt
mygofer.1551.txt
mygofer.763.txt
mygofer.1423.txt
mygofer.273.txt
mygofer.1677.txt
mygofer.1804.txt
mygofer.232.txt
mygofer.270.txt
mygofer.938.txt
mygofer.613.txt
mygofer.1644.txt
mygofer.1678.txt
mygofer.637.txt
mygofer.1516.txt
mygofer.1615.txt
mygofer.442.txt
mygofer.10.txt
mygofer.759.txt
mygofer.470.txt
mygofer.842.txt
mygofer.445.txt
mygofer.1352.txt
mygofer.1908.txt
mygofer.893.txt
mygofer.1112.txt
mygofer.1055.txt
mygofer.614.txt
mygofer.310.txt
mygofer.1310.txt
mygofer.1808.txt
mygofer.1130.txt
mygofer.93.txt
mygofer.526.txt
mygofer.1108.txt
mygofer.1697.txt
mygofer.1838.txt
mygofer.80.txt
mygofer.1994.txt
mygofer.826.txt
mygofer.267.txt
mygofer.513.txt
mygofer.1755.txt
mygofer.570.txt
mygofer.560.txt
mygofer.1336.txt
mygofer.1840.txt
mygofer.355.txt
mygofer.557.txt
mygofer.1268.txt
mygofer.1723.txt
mygofer.288.txt
mygofer.1952.txt
mygofer.1070.txt
mygofer.856.txt
mygofer.1587.txt
mygofer.408.txt
mygofer.357.txt
mygofer.511.txt
mygofer.1494.txt
mygofer.204.txt
mygofer.1497.txt
mygofer.978.txt
mygofer.1030.txt
mygofer.1751.txt
mygofer.970.txt
mygofer.433.txt
mygofer.83.txt
mygofer.670.txt
mygofer.1871.txt
mygofer.735.txt
mygofer.234.txt
mygofer.1414.txt
mygofer.1186.txt
mygofer.515.txt
mygofer.716.txt
mygofer.1971.txt
mygofer.1165.txt
mygofer.1418.txt
mygofer.1275.txt
mygofer.617.txt
mygofer.618.txt
mygofer.830.txt
mygofer.1116.txt
mygofer.624.txt
mygofer.1676.txt
mygofer.1512.txt
mygofer.154.txt
mygofer.1950.txt
mygofer.649.txt
mygofer.1072.txt
mygofer.1509.txt
mygofer.767.txt
mygofer.1344.txt
mygofer.626.txt
mygofer.523.txt
mygofer.1019.txt
mygofer.1031.txt
mygofer.839.txt
mygofer.377.txt
mygofer.1593.txt
mygofer.271.txt
mygofer.1758.txt
mygofer.1094.txt
mygofer.592.txt
mygofer.1211.txt
mygofer.545.txt
mygofer.1430.txt
mygofer.1161.txt
mygofer.1879.txt
mygofer.300.txt
mygofer.244.txt
mygofer.1759.txt
mygofer.1459.txt
mygofer.1572.txt
mygofer.603.txt
mygofer.1244.txt
mygofer.916.txt
mygofer.1813.txt
mygofer.930.txt
mygofer.654.txt
mygofer.1498.txt
mygofer.1228.txt
mygofer.301.txt
mygofer.989.txt
mygofer.479.txt
mygofer.1646.txt
mygofer.1847.txt
mygofer.13.txt
mygofer.1863.txt
mygofer.199.txt
mygofer.169.txt
mygofer.706.txt
mygofer.54.txt
mygofer.1568.txt
mygofer.1918.txt
mygofer.721.txt
mygofer.202.txt
mygofer.1076.txt
mygofer.789.txt
mygofer.1578.txt
mygofer.1749.txt
mygofer.863.txt
mygofer.730.txt
mygofer.1133.txt
mygofer.1602.txt
mygofer.1844.txt
mygofer.1610.txt
mygofer.522.txt
mygofer.24.txt
mygofer.1880.txt
mygofer.1073.txt
mygofer.688.txt
mygofer.379.txt
mygofer.1928.txt
mygofer.663.txt
mygofer.1730.txt
mygofer.39.txt
mygofer.773.txt
mygofer.890.txt
mygofer.101.txt
mygofer.326.txt
mygofer.694.txt
mygofer.217.txt
mygofer.846.txt
mygofer.1111.txt
mygofer.1621.txt
mygofer.925.txt
mygofer.980.txt
mygofer.298.txt
mygofer.1791.txt
mygofer.897.txt
mygofer.1725.txt
mygofer.453.txt
mygofer.125.txt
mygofer.1835.txt
mygofer.323.txt
mygofer.31.txt
mygofer.1574.txt
mygofer.1482.txt
mygofer.221.txt
mygofer.542.txt
mygofer.1491.txt
mygofer.595.txt
mygofer.1351.txt
mygofer.1719.txt
mygofer.279.txt
mygofer.69.txt
mygofer.344.txt
mygofer.506.txt
mygofer.593.txt
mygofer.1069.txt
mygofer.929.txt
mygofer.1125.txt
mygofer.1273.txt
mygofer.1167.txt
mygofer.1396.txt
mygofer.7.txt
mygofer.573.txt
mygofer.163.txt
mygofer.655.txt
mygofer.218.txt
mygofer.615.txt
mygofer.155.txt
mygofer.1605.txt
mygofer.648.txt
my
mygofer.814.txt
mygofer.657.txt
mygofer.465.txt
mygofer.865.txt
mygofer.72.txt
mygofer.1935.txt
mygofer.1329.txt
mygofer.1510.txt
mygofer.1535.txt
mygofer.1101.txt
mygofer.1641.txt
mygofer.250.txt
mygofer.285.txt
mygofer.1842.txt
mygofer.1148.txt
mygofer.116.txt
mygofer.1626.txt
mygofer.421.txt
mygofer.883.txt
mygofer.1241.txt
mygofer.1385.txt
mygofer.668.txt
mygofer.1139.txt
mygofer.794.txt
mygofer.1123.txt
mygofer.1084.txt
mygofer.1199.txt
mygofer.793.txt
mygofer.869.txt
mygofer.1988.txt
mygofer.140.txt
mygofer.1534.txt
mygofer.1859.txt
mygofer.665.txt
mygofer.1038.txt
mygofer.1312.txt
mygofer.937.txt
mygofer.1234.txt
mygofer.1828.txt
mygofer.1831.txt
mygofer.1625.txt
mygofer.1849.txt
mygofer.1355.txt
mygofer.320.txt
mygofer.565.txt
mygofer.1985.txt
mygofer.985.txt
mygofer.963.txt
mygofer.1248.txt
mygofer.666.txt
mygofer.531.txt
mygofer.588.txt
mygofer.698.txt
mygofer.100.txt
mygofer.691.txt
mygofer.725.txt
mygofer.1793.txt
mygofer.289.txt
mygofer.316.txt
mygofer.142.txt
mygofer.527.txt
mygofer.1989.txt
mygofer.895.txt
mygofer.1716.txt
mygofer.1051.txt
mygofer.1317.txt
mygofer.1224.txt
mygofer.1814.txt
mygofer.359.txt
mygofer.1221.txt
mygofer.1612.txt
mygofer.418.txt
mygofer.1289.txt
mygofer.927.txt
mygofer.383.txt
mygofer.386.txt
mygofer.28.txt
mygofer.1594.txt
mygofer.1479.txt
mygofer.582.txt
mygofer.795.txt
mygofer.1114.txt
mygofer.181.txt
mygofer.1146.txt
mygofer.1542.txt
mygofer.901.txt
mygofer.1779.txt
mygofer.1092.txt
mygofer.1558.txt
mygofer.1041.txt
mygofer.1129.txt
mygofer.1982.txt
mygofer.96.txt
mygofer.1501.txt
mygofer.44.txt
mygofer.656.txt
mygofer.910.txt
mygofer.1639.txt
mygofer.687.txt
mygofer.6.txt
mygofer.160.txt
mygofer.1046.txt
mygofer.852.txt
mygofer.1746.txt
mygofer.179.txt
mygofer.308.txt
mygofer.577.txt
mygofer.1308.txt
mygofer.867.txt
mygofer.1216.txt
mygofer.574.txt
mygofer.1407.txt
mygofer.755.txt
mygofer.1432.txt
mygofer.1181.txt
mygofer.520.txt
mygofer.1853.txt
mygofer.1213.txt
mygofer.1760.txt
mygofer.1801.txt
mygofer.342.txt
mygofer.1764.txt
mygofer.881.txt
mygofer.1254.txt
mygofer.1124.txt
mygofer.8.txt
mygofer.358.txt
mygofer.1979.txt
mygofer.836.txt
mygofer.1560.txt
mygofer.971.txt
mygofer.75.txt
mygofer.1742.txt
mygofer.42.txt
mygofer.1638.txt
mygofer.148.txt
mygofer.1422.txt
mygofer.1483.txt
mygofer.87.txt
mygofer.1822.txt
mygofer.1550.txt
mygofer.297.txt
mygofer.1953.txt
mygofer.1609.txt
mygofer.679.txt
mygofer.1607.txt
mygofer.1105.txt
mygofer.455.txt
mygofer.636.txt
mygofer.1846.txt
mygofer.1361.txt
mygofer.1611.txt
mygofer.85.txt
mygofer.1533.txt
mygofer.500.txt
mygofer.1983.txt
mygofer.329.txt
mygofer.847.txt
mygofer.704.txt
mygofer.1673.txt
mygofer.1608.txt
mygofer.693.txt
mygofer.1394.txt
mygofer.724.txt
mygofer.627.txt
mygofer.1471.txt
mygofer.1934.txt
mygofer.196.txt
mygofer.1083.txt
mygofer.1190.txt
mygofer.332.txt
mygofer.1383.txt
mygofer.443.txt
mygofer.364.txt
mygofer.1398.txt
mygofer.266.txt
mygofer.423.txt
mygofer.1689.txt
mygofer.1033.txt
mygofer.1797.txt
mygofer.535.txt
mygofer.1750.txt
mygofer.581.txt
mygofer.1327.txt
mygofer.50.txt
mygofer.712.txt
mygofer.152.txt
mygofer.1538.txt
mygofer.1409.txt
mygofer.876.txt
mygofer.1074.txt
mygofer.612.txt
mygofer.1596.txt
mygofer.823.txt
mygofer.1557.txt
mygofer.1671.txt
mygofer.1399.txt
mygofer.59.txt
mygofer.507.txt
mygofer.415.txt
mygofer.1350.txt
mygofer.426.txt
mygofer.598.txt
mygofer.432.txt
mygofer.82.txt
mygofer.1277.txt
mygofer.1733.txt
mygofer.1440.txt
mygofer.180.txt
mygofer.184.txt
mygofer.27.txt
mygofer.1972.txt
mygofer.718.txt
mygofer.1539.txt
mygofer.1906.txt
mygofer.1313.txt
mygofer.78.txt
mygofer.1229.txt
mygofer.478.txt
mygofer.1518.txt
mygofer.268.txt
mygofer.1856.txt
mygofer.1756.txt
mygofer.1367.txt
mygofer.1356.txt
mygofer.820.txt
mygofer.1104.txt
mygofer.1923.txt
mygofer.1888.txt
mygofer.713.txt
mygofer.1932.txt
mygofer.1059.txt
mygofer.435.txt
mygofer.1138.txt
mygofer.322.txt
mygofer.1078.txt
mygofer.1961.txt
mygofer.1176.txt
mygofer.1947.txt
mygofer.1597.txt
mygofer.569.txt
mygofer.1243.txt
mygofer.131.txt
mygofer.1712.txt
mygofer.1975.txt
mygofer.240.txt
mygofer.1276.txt
mygofer.1490.txt
mygofer.566.txt
mygofer.1667.txt
mygofer.1417.txt
mygofer.133.txt
mygofer.1662.txt
mygofer.1850.txt
mygofer.1141.txt
mygofer.760.txt
mygofer.1921.txt
mygofer.1854.txt
mygofer.1470.txt
mygofer.1645.txt
mygofer.903.txt
mygofer.623.txt
mygofer.992.txt
mygofer.237.txt
mygofer.849.txt
mygofer.198.txt
mygofer.546.txt
mygofer.685.txt
mygofer.1218.txt
mygofer.1824.txt
mygofer.1012.txt
mygofer.702.txt
mygofer.1532.txt
mygofer.341.txt
mygofer.1425.txt
mygofer.1829.txt
mygofer.1054.txt
mygofer.504.txt
mygofer.188.txt
mygofer.410.txt
mygofer.1739.txt
mygofer.1963.txt
mygofer.1147.txt
mygofer.907.txt
mygofer.719.txt
mygofer.880.txt
mygofer.1169.txt
mygofer.1866.txt
mygofer.532.txt
mygofer.407.txt
mygofer.1966.txt
mygofer.751.txt
mygofer.1438.txt
mygofer.1927.txt
mygofer.946.txt
mygofer.669.txt
mygofer.554.txt
mygofer.1460.txt
mygofer.727.txt
mygofer.1298.txt
mygofer.1450.txt
mygofer.18.txt
mygofer.436.txt
mygofer.1107.txt
mygofer.781.txt
mygofer.643.txt
mygofer.1734.txt
mygofer.1768.txt
mygofer.709.txt
mygofer.132.txt
mygofer.1215.txt
mygofer.555.txt
mygofer.731.txt
mygofer.1606.txt
mygofer.1320.txt
mygofer.1788.txt
mygofer.1674.txt
mygofer.1225.txt
mygofer.451.txt
mygofer.1815.txt
mygofer.1080.txt
mygofer.389.txt
mygofer.249.txt
mygofer.1318.txt
mygofer.242.txt
mygofer.896.txt
mygofer.1524.txt
mygofer.1949.txt
mygofer.1500.txt
mygofer.166.txt
mygofer.159.txt
mygofer.1495.txt
mygofer.1369.txt
mygofer.888.txt
mygofer.1718.txt
mygofer.762.txt
mygofer.424.txt
mygofer.1062.txt
mygofer.861.txt
mygofer.121.txt
mygofer.1034.txt
mygofer.1374.txt
mygofer.1250.txt
mygofer.1049.txt
mygofer.1126.txt
mygofer.838.txt
mygofer.1210.txt
mygofer.1009.txt
mygofer.912.txt
mygofer.124.txt
mygofer.1633.txt
mygofer.1998.txt
mygofer.223.txt
mygofer.462.txt
mygofer.722.txt
mygofer.1036.txt
mygofer.1345.txt
mygofer.969.txt
mygofer.808.txt
mygofer.1836.txt
mygofer.1575.txt
mygofer.1064.txt
mygofer.1288.txt
mygofer.1371.txt
mygofer.14.txt
mygofer.469.txt
mygofer.1711.txt
mygofer.1855.txt
mygofer.1296.txt
mygofer.399.txt
mygofer.396.txt
mygofer.276.txt
mygofer.591.txt
mygofer.1589.txt
mygofer.681.txt
mygofer.368.txt
mygofer.576.txt
mygofer.1143.txt
mygofer.238.txt
mygofer.822.txt
mygofer.1120.txt
mygofer.787.txt
mygofer.262.txt
mygofer.1436.txt
mygofer.260.txt
mygofer.1508.txt
mygofer.653.txt
mygofer.347.txt
mygofer.66.txt
mygofer.1017.txt
mygofer.1917.txt
mygofer.734.txt
mygofer.1255.txt
mygofer.844.txt
mygofer.908.txt
mygofer.304.txt
mygofer.340.txt
mygofer.1132.txt
mygofer.965.txt
mygofer.752.txt
mygofer.1427.txt
mygofer.1883.txt
mygofer.647.txt
mygofer.1347.txt
mygofer.261.txt
mygofer.1405.txt
mygofer.1251.txt
mygofer.222.txt
mygofer.550.txt
mygofer.1172.txt
mygofer.90.txt
mygofer.259.txt
mygofer.1016.txt
mygofer.1127.txt
mygofer.22.txt
mygofer.1513.txt
mygofer.996.txt
mygofer.1410.txt
mygofer.1203.txt
mygofer.746.txt
mygofer.292.txt
mygofer.1851.txt
mygofer.799.txt
mygofer.733.txt
mygofer.1531.txt
mygofer.1706.txt
mygofer.505.txt
mygofer.1517.txt
mygofer.1786.txt
mygofer.1058.txt
mygofer.1330.txt
mygofer.1868.txt
mygofer.247.txt
mygofer.756.txt
mygofer.135.txt
mygofer.1122.txt
mygofer.102.txt
mygofer.1728.txt
mygofer.1504.txt
mygofer.924.txt
mygofer.1096.txt
mygofer.530.txt
mygofer.363.txt
mygofer.1262.txt
mygofer.986.txt
mygofer.26.txt
mygofer.1881.txt
mygofer.1924.txt
mygofer.52.txt
mygofer.1217.txt
mygofer.742.txt
mygofer.1939.txt
mygofer.275.txt
mygofer.1162.txt
mygofer.114.txt
mygofer.1100.txt
mygofer.38.txt
mygofer.605.txt
mygofer.1514.txt
mygofer.173.txt
mygofer.1300.txt
mygofer.778.txt
mygofer.1403.txt
mygofer.1154.txt
mygofer.962.txt
mygofer.1884.txt
mygofer.1109.txt
mygofer.1463.txt
mygofer.307.txt
mygofer.1158.txt
mygofer.1366.txt
mygofer.336.txt
mygofer.1419.txt
mygofer.1045.txt
mygofer.145.txt
mygofer.720.txt
mygofer.170.txt
mygofer.1520.txt
mygofer.493.txt
mygofer.193.txt
mygofer.417.txt
mygofer.779.txt
mygofer.579.txt
mygofer.708.txt
mygofer.497.txt
mygofer.119.txt
mygofer.456.txt
mygofer.394.txt
mygofer.1338.txt
mygofer.1235.txt
mygofer.1682.txt
mygofer.1738.txt
mygofer.126.txt
mygofer.256.txt
mygofer.405.txt
mygofer.1219.txt
mygofer.1324.txt
mygofer.1526.txt
mygofer.314.txt
mygofer.1281.txt
mygofer.200.txt
mygofer.1770.txt
mygofer.556.txt
mygofer.350.txt
mygofer.481.txt
mygofer.858.txt
mygofer.1900.txt
mygofer.976.txt
mygofer.1431.txt
mygofer.477.txt
mygofer.1800.txt
mygofer.71.txt
mygofer.677.txt
mygofer.1654.txt
mygofer.1600.txt
mygofer.252.txt
mygofer.909.txt
mygofer.1885.txt
mygofer.1795.txt
mygofer.1585.txt
mygofer.420.txt
mygofer.1778.txt
mygofer.673.txt
mygofer.1973.txt
mygofer.958.txt
mygofer.994.txt
mygofer.1769.txt
mygofer.1895.txt
mygofer.736.txt
mygofer.519.txt
mygofer.954.txt
mygofer.1416.txt
mygofer.1442.txt
mygofer.1547.txt
mygofer.25.txt
mygofer.783.txt
mygofer.977.txt
mygofer.509.txt
mygofer.676.txt
mygofer.37.txt
mygofer.1623.txt
mygofer.428.txt
mygofer.797.txt
mygofer.700.txt
mygofer.1686.txt
mygofer.67.txt
mygofer.634.txt
mygofer.315.txt
mygofer.1860.txt
mygofer.1657.txt
mygofer.913.txt
mygofer.1067.txt
mygofer.1437.txt
mygofer.749.txt
mygofer.1735.txt
mygofer.1293.txt
mygofer.1724.txt
mygofer.1522.txt
mygofer.1039.txt
mygofer.1245.txt
mygofer.993.txt
mygofer.1635.txt
mygofer.290.txt
mygofer.51.txt
mygofer.1649.txt
mygofer.589.txt
mygofer.376.txt
mygofer.488.txt
mygofer.1832.txt
mygofer.851.txt
mygofer.1601.txt
mygofer.471.txt
mygofer.1389.txt
mygofer.393.txt
mygofer.191.txt
mygofer.294.txt
mygofer.1670.txt
mygofer.1110.txt
mygofer.1942.txt
mygofer.765.txt
mygofer.81.txt
mygofer.1765.txt
mygofer.629.txt
mygofer.1428.txt
mygofer.161.txt
mygofer.1487.txt
mygofer.1990.txt
mygofer.1696.txt
mygofer.1864.txt
mygofer.1478.txt
mygofer.1743.txt
mygofer.633.txt
mygofer.848.txt
mygofer.1699.txt
mygofer.1044.txt
mygofer.1693.txt
mygofer.518.txt
mygofer.597.txt
mygofer.1322.txt
mygofer.578.txt
mygofer.840.txt
mygofer.400.txt
mygofer.544.txt
mygofer.1117.txt
mygofer.1380.txt
mygofer.1913.txt
mygofer.714.txt
mygofer.658.txt
mygofer.1001.txt
mygofer.1852.txt
mygofer.1978.txt
mygofer.367.txt
mygofer.265.txt
mygofer.4.txt
mygofer.1168.txt
mygofer.1920.txt
mygofer.690.txt
mygofer.194.txt
mygofer.942.txt
mygofer.343.txt
mygofer.1930.txt
mygofer.1867.txt
mygofer.961.txt
mygofer.167.txt
mygofer.1386.txt
mygofer.1253.txt
mygofer.409.txt
mygofer.583.txt
mygofer.1136.txt
mygofer.212.txt
mygofer.1922.txt
mygofer.548.txt
mygofer.703.txt
mygofer.325.txt
mygofer.449.txt
mygofer.19.txt
mygofer.1359.txt
mygofer.815.txt
mygofer.1325.txt
mygofer.892.txt
mygofer.427.txt
mygofer.602.txt
mygofer.809.txt
mygofer.1314.txt
mygofer.138.txt
mygofer.1962.txt
mygofer.1354.txt
mygofer.1295.txt
mygofer.1655.txt
mygofer.291.txt
mygofer.1683.txt
mygofer.1412.txt
mygofer.468.txt
mygofer.1343.txt
mygofer.1098.txt
mygofer.1013.txt
mygofer.1925.txt
mygofer.791.txt
mygofer.1024.txt
mygofer.1363.txt
mygofer.1238.txt
mygofer.1886.txt
mygofer.1077.txt
mygofer.646.txt
mygofer.1642.txt
mygofer.1103.txt
mygofer.441.txt
mygofer.1485.txt
mygofer.280.txt
mygofer.224.txt
mygofer.277.txt
mygofer.29.txt
mygofer.334.txt
mygofer.1439.txt
mygofer.484.txt
mygofer.1205.txt
mygofer.524.txt
mygofer.476.txt
mygofer.1443.txt
A.txt
mygofer.1951.txt
mygofer.638.txt
mygofer.1556.txt
mygofer.1052.txt
mygofer.23.txt
mygofer.931.txt
mygofer.92.txt
mygofer.1781.txt
mygofer.792.txt
mygofer.761.txt
mygofer.594.txt
mygofer.246.txt
mygofer.1687.txt
mygofer.1940.txt
mygofer.914.txt
mygofer.1902.txt
mygofer.745.txt
mygofer.1400.txt
mygofer.284.txt
mygofer.205.txt
mygofer.1239.txt
mygofer.48.txt
mygofer.382.txt
mygofer.1679.txt
mygofer.860.txt
mygofer.1357.txt
mygofer.413.txt
mygofer.164.txt
mygofer.1714.txt
mygofer.1732.txt
mygofer.53.txt
mygofer.466.txt
mygofer.401.txt
mygofer.143.txt
mygofer.547.txt
mygofer.1375.txt
mygofer.834.txt
mygofer.371.txt
mygofer.1959.txt
mygofer.185.txt
mygofer.5.txt
mygofer.1194.txt
mygofer.812.txt
mygofer.587.txt
mygofer.70.txt
mygofer.1543.txt
mygofer.1285.txt
mygofer.1335.txt
mygofer.1717.txt
mygofer.1545.txt
mygofer.774.txt
mygofer.521.txt
mygofer.625.txt
mygofer.1956.txt
mygofer.821.txt
mygofer.369.txt
mygofer.1931.txt
mygofer.1131.txt
mygofer.780.txt
mygofer.639.txt
mygofer.1933.txt
mygofer.473.txt
mygofer.1189.txt
mygofer.1271.txt
mygofer.1091.txt
mygofer.134.txt
mygofer.616.txt
mygofer.1941.txt
mygofer.1565.txt
mygofer.1505.txt
mygofer.77.txt
mygofer.575.txt
mygofer.1634.txt
mygofer.1015.txt
mygofer.1263.txt
mygofer.397.txt
mygofer.1604.txt
mygofer.754.txt
mygofer.1948.txt
mygofer.790.txt
mygofer.1469.txt
mygofer.1839.txt
mygofer.972.txt
mygofer.1152.txt
mygofer.243.txt
mygofer.1974.txt
mygofer.1433.txt
mygofer.833.txt
mygofer.1776.txt
mygofer.1631.txt
mygofer.1270.txt
mygofer.1319.txt
mygofer.1970.txt
mygofer.853.txt
mygofer.1066.txt
mygofer.1729.txt
mygofer.251.txt
mygofer.1468.txt
mygofer.1789.txt
mygofer.1448.txt
mygofer.34.txt
mygofer.882.txt
mygofer.36.txt
mygofer.113.txt
mygofer.356.txt
mygofer.1226.txt
mygofer.227.txt
mygofer.448.txt
mygofer.1489.txt
mygofer.12.txt
mygofer.318.txt
mygofer.1445.txt
mygofer.641.txt
mygofer.122.txt
_7.txt
mygofer.1246.txt
mygofer.1011.txt
mygofer.1579.txt
mygofer.894.txt
mygofer.1043.txt
mygofer.964.txt
mygofer.1128.txt
MyGofer.1.txt
mygofer.1323.txt
mygofer.609.txt
mygofer.1297.txt
mygofer.457.txt
mygofer.1097.txt
mygofer.1014.txt
mygofer.463.txt
mygofer.845.txt
mygofer.801.txt
mygofer.1507.txt
mygofer.680.txt
mygofer.906.txt
mygofer.374.txt
mygofer.979.txt
mygofer.1527.txt
mygofer.1086.txt
mygofer.1848.txt
mygofer.450.txt
mygofer.203.txt
mygofer.841.txt
mygofer.139.txt
mygofer.1901.txt
mygofer.549.txt
mygofer.769.txt
mygofer.351.txt
mygofer.1456.txt
mygofer.183.txt
mygofer.1705.txt
mygofer.1286.txt
mygofer.551.txt
mygofer.1571.txt
mygofer.1737.txt
mygofer.1790.txt
mygofer.620.txt
mygofer.99.txt
mygofer.1183.txt
mygofer.919.txt
mygofer.775.txt
mygofer.1629.txt
mygofer.299.txt
mygofer.425.txt
mygofer.1196.txt
mygofer.63.txt
mygofer.30.txt
mygofer.1803.txt
mygofer.1435.txt
mygofer.590.txt
mygofer.1056.txt
mygofer.933.txt
mygofer.1681.txt
mygofer.952.txt
mygofer.1991.txt
mygofer.671.txt
mygofer.461.txt
mygofer.209.txt
mygofer.86.txt
mygofer.168.txt
mygofer.498.txt
mygofer.728.txt
mygofer.182.txt
mygofer.864.txt
mygofer.1648.txt
ab.txt
mygofer.1819.txt
mygofer.338.txt
mygofer.1461.txt
mygofer.1441.txt
mygofer.1328.txt
mygofer.932.txt
mygofer.1684.txt
mygofer.1006.txt
mygofer.1095.txt
mygofer.1021.txt
mygofer.255.txt
mygofer.416.txt
mygofer.1392.txt
mygofer.21.txt
mygofer.17.txt
mygofer.1877.txt
mygofer.1068.txt
mygofer.1668.txt
mygofer.313.txt
mygofer.1581.txt
mygofer.434.txt
mygofer.1085.txt
mygofer.697.txt
mygofer.950.txt
mygofer.2001.txt
mygofer.1404.txt
mygofer.1715.txt
mygofer.1566.txt
mygofer.1222.txt
mygofer.210.txt
mygofer.987.txt
mygofer.1200.txt
mygofer.678.txt
mygofer.225.txt
mygofer.226.txt
mygofer.586.txt
mygofer.1620.txt
mygofer.619.txt
mygofer.943.txt
mygofer.782.txt
mygofer.1628.txt
mygofer.991.txt
mygofer.115.txt
mygofer.1099.txt
mygofer.1774.txt
mygofer.951.txt
mygofer.1818.txt
mygofer.904.txt
mygofer.65.txt
mygofer.664.txt
mygofer.953.txt
mygofer.330.txt
mygofer.293.txt
mygofer.211.txt
mygofer.1090.txt
mygofer.1421.txt
mygofer.650.txt
mygofer.1837.txt
mygofer.611.txt
mygofer.1582.txt
mygofer.56.txt
mygofer.1261.txt
mygofer.1647.txt
mygofer.1364.txt
mygofer.1869.txt
mygofer.414.txt
mygofer.1113.txt
mygofer.1616.txt
mygofer.1614.txt
mygofer.601.txt
mygofer.1843.txt
mygofer.1209.txt
mygofer.1346.txt
mygofer.1698.txt
mygofer.675.txt
mygofer.529.txt
mygofer.1315.txt
mygofer.108.txt
mygofer.600.txt
mygofer.1559.txt
mygofer.659.txt
mygofer.1267.txt
mygofer.572.txt
mygofer.1905.txt
mygofer.49.txt
mygofer.1462.txt
mygofer.1301.txt
mygofer.328.txt
mygofer.967.txt
mygofer.1958.txt
mygofer.1163.txt
mygofer.1968.txt
mygofer.1035.txt
mygofer.1214.txt
mygofer.472.txt
mygofer.464.txt
mygofer.112.txt
mygofer.835.txt
mygofer.1926.txt
mygofer.1661.txt
mygofer.788.txt
mygofer.772.txt
mygofer.172.txt
mygofer.213.txt
mygofer.1802.txt
mygofer.1157.txt
mygofer.207.txt
mygofer.437.txt
mygofer.1332.txt
mygofer.402.txt
mygofer.541.txt
mygofer.278.txt
mygofer.1541.txt
mygofer.1763.txt
mygofer.94.txt
mygofer.1965.txt
mygofer.1204.txt
mygofer.667.txt
mygofer.949.txt
mygofer.711.txt
mygofer.686.txt
mygofer.642.txt
mygofer.1475.txt
mygofer.1780.txt
mygofer.104.txt
mygofer.1042.txt
mygofer.58.txt
mygofer.141.txt
mygofer.392.txt
mygofer.975.txt
mygofer.1796.txt
mygofer.215.txt
mygofer.419.txt
mygofer.1910.txt
mygofer.1342.txt
mygofer.32.txt
mygofer.811.txt
mygofer.1089.txt
mygofer.201.txt
mygofer.305.txt
mygofer.404.txt
mygofer.1207.txt
mygofer.525.txt
mygofer.57.txt
mygofer.1003.txt
mygofer.1259.txt
mygofer.981.txt
mygofer.918.txt
mygofer.1382.txt
mygofer.990.txt
mygofer.1063.txt
mygofer.1008.txt
mygofer.3.txt
mygofer.391.txt
mygofer.1986.txt
mygofer.1173.txt
mygofer.1833.txt
mygofer.652.txt
mygofer.263.txt
mygofer.1142.txt
mygofer.1577.txt
mygofer.55.txt
mygofer.1007.txt
mygofer.1444.txt
mygofer.645.txt
mygofer.491.txt
mygofer.1304.txt
mygofer.651.txt
mygofer.631.txt
mygofer.796.txt
mygofer.106.txt
mygofer.1861.txt
mygofer.1957.txt
mygofer.353.txt
mygofer.1449.txt
mygofer.485.txt
mygofer.1782.txt
mygofer.807.txt
mygofer.997.txt
mygofer.923.txt
mygofer.1287.txt
mygofer.1586.txt
mygofer.983.txt
mygofer.1563.txt
mygofer.1665.txt
mygofer.1889.txt
mygofer.229.txt
mygofer.1945.txt
mygofer.480.txt
mygofer.1537.txt
mygofer.571.txt
mygofer.1981.txt
Z.txt
mygofer.1321.txt
mygofer.689.txt
mygofer.1664.txt
mygofer.1481.txt
mygofer.381.txt
mygofer.824.txt
mygofer.1651.txt
mygofer.768.txt
mygofer.430.txt
mygofer.366.txt
mygofer.599.txt
mygofer.1411.txt
mygofer.1591.txt
mygofer.1857.txt
mygofer.378.txt
mygofer.875.txt
mygofer.1807.txt
mygofer.395.txt
mygofer.241.txt
mygofer.1029.txt
mygofer.873.txt
mygofer.1082.txt
mygofer.1257.txt
mygofer.1266.txt
mygofer.1223.txt
mygofer.885.txt
mygofer.1274.txt
mygofer.1944.txt
mygofer.552.txt
mygofer.1447.txt
mygofer.879.txt
mygofer.1160.txt
mygofer.1467.txt
mygofer.398.txt
mygofer.819.txt
mygofer.1434.txt
075.txt
mygofer.496.txt
mygofer.233.txt
mygofer.1020.txt
mygofer.528.txt
mygofer.621.txt
mygofer.129.txt
mygofer.674.txt
mygofer.1119.txt
mygofer.1402.txt
mygofer.1573.txt
mygofer.1826.txt
mygofer.1909.txt
mygofer.1816.txt
mygofer.60.txt
mygofer.1384.txt
mygofer.764.txt
mygofer.1630.txt
mygofer.866.txt
mygofer.1005.txt
mygofer.384.txt
mygofer.1502.txt
mygofer.1279.txt
mygofer.968.txt
mygofer.891.txt
mygofer.1721.txt
mygofer.239.txt
mygofer.444.txt
mygofer.562.txt
mygofer.1891.txt
mygofer.1710.txt
mygofer.171.txt
mygofer.1548.txt
mygofer.1637.txt
mygofer.1666.txt
mygofer.1151.txt
mygofer.1391.txt
mygofer.1496.txt
mygofer.1912.txt
mygofer.1695.txt
mygofer.973.txt
mygofer.197.txt
mygofer.503.txt
mygofer.941.txt
mygofer.282.txt
mygofer.1480.txt
mygofer.1093.txt
mygofer.9.txt
mygofer.748.txt
mygofer.1659.txt
mygofer.1946.txt
mygofer.1232.txt
mygofer.16.txt
mygofer.1018.txt
mygofer.446.txt
mygofer.1980.txt
mygofer.1827.txt
mygofer.607.txt
mygofer.887.txt
mygofer.939.txt
mygofer.717.txt
mygofer.345.txt
mygofer.1841.txt
mygofer.1153.txt
mygofer.1499.txt
mygofer.1761.txt
mygofer.388.txt
mygofer.862.txt
mygofer.1553.txt
mygofer.1339.txt
mygofer.1177.txt
mygofer.1278.txt
mygofer.1632.txt
mygofer.1249.txt
mygofer.216.txt
mygofer.361.txt
mygofer.495.txt
mygofer.662.txt
mygofer.1057.txt
mygofer.331.txt
mygofer.309.txt
mygofer.630.txt
mygofer.1004.txt
mygofer.561.txt
mygofer.1393.txt
mygofer.120.txt
mygofer.43.txt
mygofer.1996.txt
mygofer.1179.txt
mygofer.995.txt
mygofer.1037.txt
mygofer.1618.txt
mygofer.1159.txt
mygofer.1752.txt
mygofer.564.txt
mygofer.422.txt
mygofer.695.txt
mygofer.1783.txt
mygofer.1401.txt
mygofer.1584.txt
mygofer.1960.txt
mygofer.406.txt
mygofer.1426.txt
mygofer.1466.txt
mygofer.1333.txt
mygofer.810.txt
mygofer.1477.txt
mygofer.501.txt
mygofer.1964.txt
mygofer.1476.txt
mygofer.192.txt
mygofer.1805.txt
mygofer.1722.txt
mygofer.999.txt
mygofer.286.txt
mygofer.74.txt
mygofer.580.txt
mygofer.1899.txt
mygofer.948.txt
mygofer.1390.txt
mygofer.816.txt
mygofer.516.txt
mygofer.1999.txt
mygofer.710.txt
mygofer.303.txt
mygofer.502.txt
mygofer.917.txt
mygofer.15.txt
mygofer.84.txt
mygofer.176.txt
mygofer.1914.txt
mygofer.296.txt
mygofer.1340.txt
mygofer.1081.txt
mygofer.1484.txt
mygofer.1184.txt
mygofer.784.txt
mygofer.705.txt
mygofer.1521.txt
mygofer.889.txt
mygofer.1060.txt
mygofer.1564.txt
mygofer.1135.txt
mygofer.1627.txt
mygofer.458.txt
mygofer.1929.txt
mygofer.1987.txt
